# serializer version: 1
# name: test_diagnostics
  dict({
    'bridges': list([
      dict({
        'device_type': 'bridge',
        'id': 'bridge-1',
        'location': 'Office',
        'mac_address': '**REDACTED**',
        'name': 'Office bridge',
        'offline': False,
        'registered': True,
        'status': 'online',
        'version': '1.2.0',
      }),
    ]),
    'entry': dict({
      'data': dict({
        'auth_implementation': 'plant_ranger',
        'token': dict({
          'access_token': '**REDACTED**',
          'expires_at': 9999999999,
          'refresh_token': '**REDACTED**',
          'token_type': 'Bearer',
        }),
      }),
      'disabled_by': None,
      'discovery_keys': dict({
      }),
      'domain': 'plant_ranger',
      'entry_id': '01J0000000000000000000PLANT',
      'minor_version': 1,
      'options': dict({
      }),
      'pref_disable_new_entities': False,
      'pref_disable_polling': False,
      'source': 'user',
      'subentries': list([
      ]),
      'title': 'Home',
      'unique_id': 'team-1',
      'version': 1,
    }),
    'plants': list([
      dict({
        'battery': 88.0,
        'conductivity': 950.0,
        'conductivity_alert': False,
        'humidity': 55.5,
        'humidity_alert': False,
        'id': 'plant-1',
        'last_checkup': '2026-09-01T09:30:00+00:00',
        'light': 420.0,
        'light_alert': False,
        'location': 'Living room',
        'low_battery': False,
        'low_signal': False,
        'mac_address': '**REDACTED**',
        'moisture': 41.2,
        'moisture_alert': False,
        'name': 'Monstera',
        'needs_water': False,
        'offline': False,
        'out_of_range': False,
        'rssi_alert': False,
        'signal_strength': -61.0,
        'species': 'Monstera deliciosa',
        'status': 'ok',
        'temperature': 22.4,
        'temperature_alert': False,
      }),
      dict({
        'battery': 12.0,
        'conductivity': 300.0,
        'conductivity_alert': True,
        'humidity': 38.0,
        'humidity_alert': False,
        'id': 'plant-2',
        'last_checkup': '2026-08-30T08:00:00+00:00',
        'light': 90.0,
        'light_alert': True,
        'location': 'Office',
        'low_battery': True,
        'low_signal': True,
        'mac_address': None,
        'moisture': 9.5,
        'moisture_alert': True,
        'name': 'Fiddle Leaf Fig',
        'needs_water': True,
        'offline': True,
        'out_of_range': True,
        'rssi_alert': True,
        'signal_strength': -88.0,
        'species': 'Ficus lyrata',
        'status': 'needs_attention',
        'temperature': 17.1,
        'temperature_alert': False,
      }),
    ]),
  })
# ---
